
Memory Configuration

Name             Origin             Length             Attributes
FLASH            0x0000000008000000 0x0000000000020000 xr
SRAM             0x0000000020000000 0x0000000000004000 xrw
*default*        0x0000000000000000 0xffffffffffffffff

Linker script and memory map


.text           0x0000000008000000      0x208
 *(.vector)
 .vector        0x0000000008000000       0x9c main.o
                0x0000000008000000                vector_table
 *(.text)
 .text          0x000000000800009c      0x16c main.o
                0x00000000080000c2                reset_handler
                0x0000000008000120                SystemClock_Config
                0x0000000008000158                main
 *(.rodata)
                0x0000000008000208                . = ALIGN (0x4)
                0x0000000008000208                _etext = .

.glue_7         0x0000000008000208        0x0
 .glue_7        0x0000000008000208        0x0 linker stubs

.glue_7t        0x0000000008000208        0x0
 .glue_7t       0x0000000008000208        0x0 linker stubs

.vfp11_veneer   0x0000000008000208        0x0
 .vfp11_veneer  0x0000000008000208        0x0 linker stubs

.v4_bx          0x0000000008000208        0x0
 .v4_bx         0x0000000008000208        0x0 linker stubs

.iplt           0x0000000008000208        0x0
 .iplt          0x0000000008000208        0x0 main.o

.rel.dyn        0x0000000008000208        0x0
 .rel.iplt      0x0000000008000208        0x0 main.o

.data           0x0000000020000000        0x0 load address 0x0000000008000208
                0x0000000020000000                _sdata = .
 *(.data)
 .data          0x0000000020000000        0x0 main.o
                0x0000000020000000                _edata = .

.igot.plt       0x0000000020000000        0x0 load address 0x0000000008000208
 .igot.plt      0x0000000020000000        0x0 main.o

.bss            0x0000000020000000        0x0 load address 0x0000000008000208
                0x0000000020000000                _sbss = .
 *(.bss)
 .bss           0x0000000020000000        0x0 main.o
                0x0000000020000000                _ebss = .
LOAD main.o
OUTPUT(main.elf elf32-littlearm)
LOAD linker stubs

.comment        0x0000000000000000       0x33
 .comment       0x0000000000000000       0x33 main.o
                                         0x34 (size before relaxing)

.ARM.attributes
                0x0000000000000000       0x2c
 .ARM.attributes
                0x0000000000000000       0x2c main.o
